// Jest Snapshot v1, https://goo.gl/fbAQLP

exports[`Make snapshot Get snapshot component 1`] = `
<nav
  className="movie-nav movie-card__nav"
>
  <ul
    className="movie-nav__list"
  >
    <li
      className="movie-nav__item"
    >
      <a
        className="movie-nav__link"
        href="#"
        onClick={[Function]}
      >
        Describe
      </a>
    </li>
  </ul>
</nav>
`;
