// Jest Snapshot v1, https://goo.gl/fbAQLP

exports[`Make snapshot Get snapshot component 1`] = `
<div
  className="catalog__more"
>
  <button
    className="catalog__button"
    onClick={[MockFunction]}
    type="button"
  >
    ShowMore
  </button>
</div>
`;
