// Jest Snapshot v1, https://goo.gl/fbAQLP

exports[`Make snapshot Get snapshot component 1`] = `
<div
  className="movie-card__reviews movie-card__row"
>
  <div
    className="movie-card__reviews-col"
  >
    <div
      className="review"
    >
      <blockquote
        className="review__quote"
      >
        <p
          className="review__text"
        >
          
        </p>
        <footer
          className="review__details"
        >
          <cite
            className="review__author"
          >
            Keks
          </cite>
          <time
            className="review__date"
            dateTime="202"
          >
            January 1, 2020
          </time>
        </footer>
      </blockquote>
      <div
        className="review__rating"
      >
        1
      </div>
    </div>
  </div>
</div>
`;
