// Jest Snapshot v1, https://goo.gl/fbAQLP

exports[`Make snapshot Get snapshot component 1`] = `
<div
  className="user-page"
>
  <header
    className="page-header user-page__head"
  >
    <Logo
      light={false}
    />
    <h1
      className="page-title user-page__title"
    >
      My list
    </h1>
    <UserBlock
      avatarSrc="https://htmlacademy-react-2.appspot.com/wtw"
    />
  </header>
  <section
    className="catalog"
  >
    <h2
      className="catalog__title visually-hidden"
    >
      Catalog
    </h2>
    <div
      className="catalog__movies-list"
    >
      <article
        className="small-movie-card catalog__movies-card"
        onMouseEnter={[Function]}
        onMouseLeave={[Function]}
      >
        <a
          href="/films/0"
          onClick={[Function]}
        >
          <div
            className="small-movie-card__image"
          >
            <img
              alt=""
              height="175"
              src=""
              width="280"
            />
          </div>
        </a>
        <h3
          className="small-movie-card__title"
        >
          <a
            className="small-movie-card__link"
            href="/films/0"
            onClick={[Function]}
          >
            Keks
          </a>
        </h3>
      </article>
    </div>
  </section>
  <footer
    className="page-footer"
  >
    <Logo
      light={true}
    />
    <div
      className="copyright"
    >
      <p>
        Â© 2019 What to watch Ltd.
      </p>
    </div>
  </footer>
</div>
`;
