// Jest Snapshot v1, https://goo.gl/fbAQLP

exports[`Make snapshot Get snapshot component 1`] = `
<header
  className="page-header movie-card__head"
>
  <div />
</header>
`;
