// Jest Snapshot v1, https://goo.gl/fbAQLP

exports[`Make snapshot Get snapshot component 1`] = `
<button
  className="btn btn--success movie-card__button"
  type="button"
>
  <svg
    height="19"
    viewBox="0 0 19 19"
    width="19"
  >
    <use
      xlinkHref="#keks"
    />
  </svg>
  <span>
    Javascript
  </span>
</button>
`;
