// Jest Snapshot v1, https://goo.gl/fbAQLP

exports[`Make snapshot Get snapshot component 1`] = `
<div
  className="user-block"
>
  <a
    className="user-block__link"
    href="sign-in.html"
  >
    Sign in
  </a>
</div>
`;
