// Jest Snapshot v1, https://goo.gl/fbAQLP

exports[`Make snapshot Get snapshot component 1`] = `
<li
  className="movie-nav__item"
>
  <a
    className="movie-nav__link"
    data-tab-name="my link, bro"
    href="#"
    onClick={[Function]}
  >
    My link, bro
  </a>
</li>
`;
