// Jest Snapshot v1, https://goo.gl/fbAQLP

exports[`Make snapshot Get snapshot component 1`] = `
<video
  autoPlay={true}
  muted={true}
  poster="./img/Holly"
  preload="none"
  style={
    Object {
      "height": "100%",
      "width": "100%",
    }
  }
>
  <source
    src="New Year"
    type="video/mp4"
  />
</video>
`;
