// Jest Snapshot v1, https://goo.gl/fbAQLP

exports[`Make snapshot Get snapshot component 1`] = `
<div
  className="user-page"
>
  <header
    className="page-header user-page__head"
  >
    <Logo
      light={false}
    />
    <h1
      className="page-title user-page__title"
    >
      Sign in
    </h1>
  </header>
  <SignIn
    onFormSubmitClick={[Function]}
  />
  <footer
    className="page-footer"
  >
    <Logo
      light={true}
    />
    <div
      className="copyright"
    >
      <p>
        Â© 2019 What to watch Ltd.
      </p>
    </div>
  </footer>
</div>
`;
