// Jest Snapshot v1, https://goo.gl/fbAQLP

exports[`Make snapshot Get snapshot component 1`] = `
<div
  className="catalog__movies-list"
>
  <article
    className="small-movie-card catalog__movies-card"
    onMouseEnter={[Function]}
    onMouseLeave={[MockFunction]}
  >
    <a
      href="/films/0"
      onClick={[Function]}
    >
      <div
        className="small-movie-card__image"
      >
        <img
          alt=""
          height="175"
          src=""
          width="280"
        />
      </div>
    </a>
    <h3
      className="small-movie-card__title"
    >
      <a
        className="small-movie-card__link"
        href="/films/0"
        onClick={[Function]}
      >
        Keks
      </a>
    </h3>
  </article>
</div>
`;
