// Jest Snapshot v1, https://goo.gl/fbAQLP

exports[`Make snapshot Get snapshot component 1`] = `
<li
  className="catalog__genres-item false"
>
  <a
    className="catalog__genres-link"
    href="#"
    onClick={[Function]}
  >
    Academy
  </a>
</li>
`;
