// Jest Snapshot v1, https://goo.gl/fbAQLP

exports[`Make snapshot Get snapshot component 1`] = `
<h1
  className="page-title"
>
  Hello
</h1>
`;
