// Jest Snapshot v1, https://goo.gl/fbAQLP

exports[`Make snapshot Get snapshot component 1`] = `
<div
  className="movie-card__buttons"
>
  <button
    className="btn btn--inactive movie-card__button"
    type="button"
  >
    <svg
      height="19"
      viewBox="0 0 19 19"
      width="19"
    >
      <use
        xlinkHref="#pepper"
      />
    </svg>
    <span>
      Red Hot Chili Peppers
    </span>
  </button>
</div>
`;
